2026-03-02 04:04:29,019 - INFO - 开始执行IP筛选和优化
2026-03-02 04:04:29,020 - WARNING - 文件 cmcc-ip.txt 不存在，跳过处理
2026-03-02 04:04:29,020 - WARNING - 文件 cucc-ip.txt 不存在，跳过处理
2026-03-02 04:04:29,020 - WARNING - 文件 ctcc-ip.txt 不存在，跳过处理
2026-03-02 04:04:29,020 - WARNING - 文件 bestcf-ip.txt 不存在，跳过处理
2026-03-02 04:04:29,020 - WARNING - 没有IP被处理
2026-03-02 04:04:29,020 - INFO - IP筛选和优化完成，耗时: 0.00秒
2026-03-02 04:10:57,822 - INFO - 开始执行IP筛选和优化
2026-03-02 04:10:57,822 - INFO - 开始处理文件：test-ip.txt
2026-03-02 04:10:57,823 - INFO - 文件 test-ip.txt 包含 4 个IP
2026-03-02 04:10:57,827 - WARNING - IP 2606:4700:3036:0:a36a:4af2:65e7:a0d6:443 URL格式错误 (尝试 1/3): Failed to parse: http://[2606:4700:3036:0:a36a:4af2:65e7:a0d6:443]/cdn-cgi/trace
2026-03-02 04:10:57,842 - WARNING - Retrying (Retry(total=2, connect=None, read=None, redirect=None, status=None)) after connection broken by 'NewConnectionError('<urllib3.connection.HTTPConnection object at 0x0000021E9D822D50>: Failed to establish a new connection: [WinError 10051] 向一个无法连接的网络尝试了一个套接字操作。')': /cdn-cgi/trace
2026-03-02 04:10:57,843 - WARNING - Retrying (Retry(total=1, connect=None, read=None, redirect=None, status=None)) after connection broken by 'NewConnectionError('<urllib3.connection.HTTPConnection object at 0x0000021E9D7A7100>: Failed to establish a new connection: [WinError 10051] 向一个无法连接的网络尝试了一个套接字操作。')': /cdn-cgi/trace
2026-03-02 04:10:57,858 - WARNING - Retrying (Retry(total=0, connect=None, read=None, redirect=None, status=None)) after connection broken by 'NewConnectionError('<urllib3.connection.HTTPConnection object at 0x0000021E9D7A7360>: Failed to establish a new connection: [WinError 10051] 向一个无法连接的网络尝试了一个套接字操作。')': /cdn-cgi/trace
2026-03-02 04:10:57,859 - WARNING - IP 2606:4700:3036:0:a36a:4af2:65e7:a0d6 直连探测连接错误 (尝试 1/3): HTTPConnectionPool(host='2606:4700:3036:0:a36a:4af2:65e7:a0d6', port=80): Max retries exceeded with url: /cdn-cgi/trace (Caused by NewConnectionError('<urllib3.connection.HTTPConnection object at 0x0000021E9D811490>: Failed to establish a new connection: [WinError 10051] 向一个无法连接的网络尝试了一个套接字操作。'))
2026-03-02 04:10:58,239 - INFO - IP 104.17.206.188 直连探测成功，colo: LAX, 国家: US
2026-03-02 04:10:58,246 - INFO - IP 172.64.41.142 直连探测成功，colo: LAX, 国家: US
2026-03-02 04:10:58,328 - WARNING - IP 2606:4700:3036:0:a36a:4af2:65e7:a0d6:443 URL格式错误 (尝试 2/3): Failed to parse: http://[2606:4700:3036:0:a36a:4af2:65e7:a0d6:443]/cdn-cgi/trace
2026-03-02 04:10:58,373 - WARNING - Retrying (Retry(total=2, connect=None, read=None, redirect=None, status=None)) after connection broken by 'NewConnectionError('<urllib3.connection.HTTPConnection object at 0x0000021E9D79B130>: Failed to establish a new connection: [WinError 10051] 向一个无法连接的网络尝试了一个套接字操作。')': /cdn-cgi/trace
2026-03-02 04:10:58,374 - WARNING - Retrying (Retry(total=1, connect=None, read=None, redirect=None, status=None)) after connection broken by 'NewConnectionError('<urllib3.connection.HTTPConnection object at 0x0000021E9D79B460>: Failed to establish a new connection: [WinError 10051] 向一个无法连接的网络尝试了一个套接字操作。')': /cdn-cgi/trace
2026-03-02 04:10:58,387 - WARNING - Retrying (Retry(total=0, connect=None, read=None, redirect=None, status=None)) after connection broken by 'NewConnectionError('<urllib3.connection.HTTPConnection object at 0x0000021E9D848380>: Failed to establish a new connection: [WinError 10051] 向一个无法连接的网络尝试了一个套接字操作。')': /cdn-cgi/trace
2026-03-02 04:10:58,388 - WARNING - IP 2606:4700:3036:0:a36a:4af2:65e7:a0d6 直连探测连接错误 (尝试 2/3): HTTPConnectionPool(host='2606:4700:3036:0:a36a:4af2:65e7:a0d6', port=80): Max retries exceeded with url: /cdn-cgi/trace (Caused by NewConnectionError('<urllib3.connection.HTTPConnection object at 0x0000021E9D8486B0>: Failed to establish a new connection: [WinError 10051] 向一个无法连接的网络尝试了一个套接字操作。'))
2026-03-02 04:10:58,829 - WARNING - IP 2606:4700:3036:0:a36a:4af2:65e7:a0d6:443 URL格式错误 (尝试 3/3): Failed to parse: http://[2606:4700:3036:0:a36a:4af2:65e7:a0d6:443]/cdn-cgi/trace
2026-03-02 04:10:58,906 - WARNING - Retrying (Retry(total=2, connect=None, read=None, redirect=None, status=None)) after connection broken by 'NewConnectionError('<urllib3.connection.HTTPConnection object at 0x0000021E9D848E20>: Failed to establish a new connection: [WinError 10051] 向一个无法连接的网络尝试了一个套接字操作。')': /cdn-cgi/trace
2026-03-02 04:10:58,921 - WARNING - Retrying (Retry(total=1, connect=None, read=None, redirect=None, status=None)) after connection broken by 'NewConnectionError('<urllib3.connection.HTTPConnection object at 0x0000021E9D849150>: Failed to establish a new connection: [WinError 10051] 向一个无法连接的网络尝试了一个套接字操作。')': /cdn-cgi/trace
2026-03-02 04:10:58,921 - WARNING - Retrying (Retry(total=0, connect=None, read=None, redirect=None, status=None)) after connection broken by 'NewConnectionError('<urllib3.connection.HTTPConnection object at 0x0000021E9D849480>: Failed to establish a new connection: [WinError 10051] 向一个无法连接的网络尝试了一个套接字操作。')': /cdn-cgi/trace
2026-03-02 04:10:58,922 - WARNING - IP 2606:4700:3036:0:a36a:4af2:65e7:a0d6 直连探测连接错误 (尝试 3/3): HTTPConnectionPool(host='2606:4700:3036:0:a36a:4af2:65e7:a0d6', port=80): Max retries exceeded with url: /cdn-cgi/trace (Caused by NewConnectionError('<urllib3.connection.HTTPConnection object at 0x0000021E9D8497B0>: Failed to establish a new connection: [WinError 10051] 向一个无法连接的网络尝试了一个套接字操作。'))
2026-03-02 04:10:59,330 - ERROR - IP 2606:4700:3036:0:a36a:4af2:65e7:a0d6:443 无法获取地理位置信息
2026-03-02 04:10:59,422 - ERROR - IP 2606:4700:3036:0:a36a:4af2:65e7:a0d6 无法获取地理位置信息
2026-03-02 04:10:59,425 - INFO - 已保存 US 分类结果到 ./US\test-ip.txt，共 2 个IP
2026-03-02 04:10:59,425 - INFO - 文件 test-ip.txt 处理完成：成功 2 个，失败 2 个
2026-03-02 04:10:59,425 - WARNING - 文件 cmcc-ip.txt 不存在，跳过处理
2026-03-02 04:10:59,425 - WARNING - 文件 cucc-ip.txt 不存在，跳过处理
2026-03-02 04:10:59,425 - WARNING - 文件 ctcc-ip.txt 不存在，跳过处理
2026-03-02 04:10:59,425 - WARNING - 文件 bestcf-ip.txt 不存在，跳过处理
2026-03-02 04:10:59,426 - INFO - 汇总文件保存成功，共 2 个IP
2026-03-02 04:10:59,426 - INFO - 开始按colo优化IP...
2026-03-02 04:10:59,433 - INFO - 读取到 2 个IP进行优化
2026-03-02 04:10:59,434 - INFO - 按colo分组完成，共 0 个分组
2026-03-02 04:10:59,434 - ERROR - 没有IP被优化
2026-03-02 04:10:59,434 - INFO - IP筛选和优化完成，耗时: 1.61秒
2026-03-02 04:11:23,518 - INFO - 开始执行IP筛选和优化
2026-03-02 04:11:23,518 - INFO - 开始处理文件：test-ip.txt
2026-03-02 04:11:23,519 - INFO - 文件 test-ip.txt 包含 4 个IP
2026-03-02 04:11:23,523 - WARNING - IP [2606:4700:3036:0:a36a:4af2:65e7:a0d6:443] URL格式错误 (尝试 1/3): Failed to parse: http://[2606:4700:3036:0:a36a:4af2:65e7:a0d6:443]/cdn-cgi/trace
2026-03-02 04:11:23,523 - WARNING - Retrying (Retry(total=2, connect=None, read=None, redirect=None, status=None)) after connection broken by 'NewConnectionError('<urllib3.connection.HTTPConnection object at 0x000002AC93E92D50>: Failed to establish a new connection: [WinError 10051] 向一个无法连接的网络尝试了一个套接字操作。')': /cdn-cgi/trace
2026-03-02 04:11:23,523 - WARNING - Retrying (Retry(total=1, connect=None, read=None, redirect=None, status=None)) after connection broken by 'NewConnectionError('<urllib3.connection.HTTPConnection object at 0x000002AC93E17100>: Failed to establish a new connection: [WinError 10051] 向一个无法连接的网络尝试了一个套接字操作。')': /cdn-cgi/trace
2026-03-02 04:11:23,539 - WARNING - Retrying (Retry(total=0, connect=None, read=None, redirect=None, status=None)) after connection broken by 'NewConnectionError('<urllib3.connection.HTTPConnection object at 0x000002AC93E17360>: Failed to establish a new connection: [WinError 10051] 向一个无法连接的网络尝试了一个套接字操作。')': /cdn-cgi/trace
2026-03-02 04:11:23,539 - WARNING - IP [2606:4700:3036:0:a36a:4af2:65e7:a0d6] 直连探测连接错误 (尝试 1/3): HTTPConnectionPool(host='2606:4700:3036:0:a36a:4af2:65e7:a0d6', port=80): Max retries exceeded with url: /cdn-cgi/trace (Caused by NewConnectionError('<urllib3.connection.HTTPConnection object at 0x000002AC93E81490>: Failed to establish a new connection: [WinError 10051] 向一个无法连接的网络尝试了一个套接字操作。'))
2026-03-02 04:11:23,921 - INFO - IP 172.64.41.142 直连探测成功，colo: LAX, 国家: US
2026-03-02 04:11:23,938 - INFO - IP 104.17.206.188 直连探测成功，colo: LAX, 国家: US
2026-03-02 04:11:24,024 - WARNING - IP [2606:4700:3036:0:a36a:4af2:65e7:a0d6:443] URL格式错误 (尝试 2/3): Failed to parse: http://[2606:4700:3036:0:a36a:4af2:65e7:a0d6:443]/cdn-cgi/trace
2026-03-02 04:11:24,055 - WARNING - Retrying (Retry(total=2, connect=None, read=None, redirect=None, status=None)) after connection broken by 'NewConnectionError('<urllib3.connection.HTTPConnection object at 0x000002AC93E0B130>: Failed to establish a new connection: [WinError 10051] 向一个无法连接的网络尝试了一个套接字操作。')': /cdn-cgi/trace
2026-03-02 04:11:24,072 - WARNING - Retrying (Retry(total=1, connect=None, read=None, redirect=None, status=None)) after connection broken by 'NewConnectionError('<urllib3.connection.HTTPConnection object at 0x000002AC93E0B460>: Failed to establish a new connection: [WinError 10051] 向一个无法连接的网络尝试了一个套接字操作。')': /cdn-cgi/trace
2026-03-02 04:11:24,087 - WARNING - Retrying (Retry(total=0, connect=None, read=None, redirect=None, status=None)) after connection broken by 'NewConnectionError('<urllib3.connection.HTTPConnection object at 0x000002AC93EB8380>: Failed to establish a new connection: [WinError 10051] 向一个无法连接的网络尝试了一个套接字操作。')': /cdn-cgi/trace
2026-03-02 04:11:24,088 - WARNING - IP [2606:4700:3036:0:a36a:4af2:65e7:a0d6] 直连探测连接错误 (尝试 2/3): HTTPConnectionPool(host='2606:4700:3036:0:a36a:4af2:65e7:a0d6', port=80): Max retries exceeded with url: /cdn-cgi/trace (Caused by NewConnectionError('<urllib3.connection.HTTPConnection object at 0x000002AC93EB86B0>: Failed to establish a new connection: [WinError 10051] 向一个无法连接的网络尝试了一个套接字操作。'))
2026-03-02 04:11:24,524 - WARNING - IP [2606:4700:3036:0:a36a:4af2:65e7:a0d6:443] URL格式错误 (尝试 3/3): Failed to parse: http://[2606:4700:3036:0:a36a:4af2:65e7:a0d6:443]/cdn-cgi/trace
2026-03-02 04:11:24,589 - WARNING - Retrying (Retry(total=2, connect=None, read=None, redirect=None, status=None)) after connection broken by 'NewConnectionError('<urllib3.connection.HTTPConnection object at 0x000002AC93EB8E20>: Failed to establish a new connection: [WinError 10051] 向一个无法连接的网络尝试了一个套接字操作。')': /cdn-cgi/trace
2026-03-02 04:11:24,590 - WARNING - Retrying (Retry(total=1, connect=None, read=None, redirect=None, status=None)) after connection broken by 'NewConnectionError('<urllib3.connection.HTTPConnection object at 0x000002AC93EB9150>: Failed to establish a new connection: [WinError 10051] 向一个无法连接的网络尝试了一个套接字操作。')': /cdn-cgi/trace
2026-03-02 04:11:24,590 - WARNING - Retrying (Retry(total=0, connect=None, read=None, redirect=None, status=None)) after connection broken by 'NewConnectionError('<urllib3.connection.HTTPConnection object at 0x000002AC93EB9480>: Failed to establish a new connection: [WinError 10051] 向一个无法连接的网络尝试了一个套接字操作。')': /cdn-cgi/trace
2026-03-02 04:11:24,591 - WARNING - IP [2606:4700:3036:0:a36a:4af2:65e7:a0d6] 直连探测连接错误 (尝试 3/3): HTTPConnectionPool(host='2606:4700:3036:0:a36a:4af2:65e7:a0d6', port=80): Max retries exceeded with url: /cdn-cgi/trace (Caused by NewConnectionError('<urllib3.connection.HTTPConnection object at 0x000002AC93EB97B0>: Failed to establish a new connection: [WinError 10051] 向一个无法连接的网络尝试了一个套接字操作。'))
2026-03-02 04:11:25,025 - ERROR - IP [2606:4700:3036:0:a36a:4af2:65e7:a0d6:443] 无法获取地理位置信息
2026-03-02 04:11:25,091 - ERROR - IP [2606:4700:3036:0:a36a:4af2:65e7:a0d6] 无法获取地理位置信息
2026-03-02 04:11:25,092 - INFO - 已保存 US 分类结果到 ./US\test-ip.txt，共 2 个IP
2026-03-02 04:11:25,092 - INFO - 文件 test-ip.txt 处理完成：成功 2 个，失败 2 个
2026-03-02 04:11:25,093 - WARNING - 文件 cmcc-ip.txt 不存在，跳过处理
2026-03-02 04:11:25,093 - WARNING - 文件 cucc-ip.txt 不存在，跳过处理
2026-03-02 04:11:25,093 - WARNING - 文件 ctcc-ip.txt 不存在，跳过处理
2026-03-02 04:11:25,093 - WARNING - 文件 bestcf-ip.txt 不存在，跳过处理
2026-03-02 04:11:25,093 - INFO - 汇总文件保存成功，共 2 个IP
2026-03-02 04:11:25,093 - INFO - 开始按colo优化IP...
2026-03-02 04:11:25,095 - INFO - 读取到 2 个IP进行优化
2026-03-02 04:11:25,095 - INFO - 按colo分组完成，共 0 个分组
2026-03-02 04:11:25,095 - ERROR - 没有IP被优化
2026-03-02 04:11:25,095 - INFO - IP筛选和优化完成，耗时: 1.58秒
2026-03-02 04:12:13,728 - INFO - 开始执行IP筛选和优化
2026-03-02 04:12:13,728 - INFO - 开始处理文件：test-ip.txt
2026-03-02 04:12:13,728 - INFO - 文件 test-ip.txt 包含 4 个IP
2026-03-02 04:12:13,732 - WARNING - IP [2606:4700:3036:0:a36a:4af2:65e7:a0d6:443] URL格式错误 (尝试 1/3): Failed to parse: http://[2606:4700:3036:0:a36a:4af2:65e7:a0d6:443]/cdn-cgi/trace
2026-03-02 04:12:13,732 - WARNING - Retrying (Retry(total=2, connect=None, read=None, redirect=None, status=None)) after connection broken by 'NewConnectionError('<urllib3.connection.HTTPConnection object at 0x00000154D01CEE90>: Failed to establish a new connection: [WinError 10051] 向一个无法连接的网络尝试了一个套接字操作。')': /cdn-cgi/trace
2026-03-02 04:12:13,733 - WARNING - Retrying (Retry(total=1, connect=None, read=None, redirect=None, status=None)) after connection broken by 'NewConnectionError('<urllib3.connection.HTTPConnection object at 0x00000154D0157360>: Failed to establish a new connection: [WinError 10051] 向一个无法连接的网络尝试了一个套接字操作。')': /cdn-cgi/trace
2026-03-02 04:12:13,733 - WARNING - Retrying (Retry(total=0, connect=None, read=None, redirect=None, status=None)) after connection broken by 'NewConnectionError('<urllib3.connection.HTTPConnection object at 0x00000154D0157100>: Failed to establish a new connection: [WinError 10051] 向一个无法连接的网络尝试了一个套接字操作。')': /cdn-cgi/trace
2026-03-02 04:12:13,734 - WARNING - IP [2606:4700:3036:0:a36a:4af2:65e7:a0d6] 直连探测连接错误 (尝试 1/3): HTTPConnectionPool(host='2606:4700:3036:0:a36a:4af2:65e7:a0d6', port=80): Max retries exceeded with url: /cdn-cgi/trace (Caused by NewConnectionError('<urllib3.connection.HTTPConnection object at 0x00000154D01C5370>: Failed to establish a new connection: [WinError 10051] 向一个无法连接的网络尝试了一个套接字操作。'))
2026-03-02 04:12:14,155 - INFO - IP 172.64.41.142 直连探测成功，colo: LAX, 国家: US
2026-03-02 04:12:14,156 - INFO - IP 104.17.206.188 直连探测成功，colo: LAX, 国家: US
2026-03-02 04:12:14,233 - WARNING - IP [2606:4700:3036:0:a36a:4af2:65e7:a0d6:443] URL格式错误 (尝试 2/3): Failed to parse: http://[2606:4700:3036:0:a36a:4af2:65e7:a0d6:443]/cdn-cgi/trace
2026-03-02 04:12:14,257 - WARNING - Retrying (Retry(total=2, connect=None, read=None, redirect=None, status=None)) after connection broken by 'NewConnectionError('<urllib3.connection.HTTPConnection object at 0x00000154D014F130>: Failed to establish a new connection: [WinError 10051] 向一个无法连接的网络尝试了一个套接字操作。')': /cdn-cgi/trace
2026-03-02 04:12:14,272 - WARNING - Retrying (Retry(total=1, connect=None, read=None, redirect=None, status=None)) after connection broken by 'NewConnectionError('<urllib3.connection.HTTPConnection object at 0x00000154D014F460>: Failed to establish a new connection: [WinError 10051] 向一个无法连接的网络尝试了一个套接字操作。')': /cdn-cgi/trace
2026-03-02 04:12:14,273 - WARNING - Retrying (Retry(total=0, connect=None, read=None, redirect=None, status=None)) after connection broken by 'NewConnectionError('<urllib3.connection.HTTPConnection object at 0x00000154D01FC380>: Failed to establish a new connection: [WinError 10051] 向一个无法连接的网络尝试了一个套接字操作。')': /cdn-cgi/trace
2026-03-02 04:12:14,289 - WARNING - IP [2606:4700:3036:0:a36a:4af2:65e7:a0d6] 直连探测连接错误 (尝试 2/3): HTTPConnectionPool(host='2606:4700:3036:0:a36a:4af2:65e7:a0d6', port=80): Max retries exceeded with url: /cdn-cgi/trace (Caused by NewConnectionError('<urllib3.connection.HTTPConnection object at 0x00000154D01FC6B0>: Failed to establish a new connection: [WinError 10051] 向一个无法连接的网络尝试了一个套接字操作。'))
2026-03-02 04:12:14,734 - WARNING - IP [2606:4700:3036:0:a36a:4af2:65e7:a0d6:443] URL格式错误 (尝试 3/3): Failed to parse: http://[2606:4700:3036:0:a36a:4af2:65e7:a0d6:443]/cdn-cgi/trace
2026-03-02 04:12:14,806 - WARNING - Retrying (Retry(total=2, connect=None, read=None, redirect=None, status=None)) after connection broken by 'NewConnectionError('<urllib3.connection.HTTPConnection object at 0x00000154D01FCE20>: Failed to establish a new connection: [WinError 10051] 向一个无法连接的网络尝试了一个套接字操作。')': /cdn-cgi/trace
2026-03-02 04:12:14,806 - WARNING - Retrying (Retry(total=1, connect=None, read=None, redirect=None, status=None)) after connection broken by 'NewConnectionError('<urllib3.connection.HTTPConnection object at 0x00000154D01FD150>: Failed to establish a new connection: [WinError 10051] 向一个无法连接的网络尝试了一个套接字操作。')': /cdn-cgi/trace
2026-03-02 04:12:14,807 - WARNING - Retrying (Retry(total=0, connect=None, read=None, redirect=None, status=None)) after connection broken by 'NewConnectionError('<urllib3.connection.HTTPConnection object at 0x00000154D01FD480>: Failed to establish a new connection: [WinError 10051] 向一个无法连接的网络尝试了一个套接字操作。')': /cdn-cgi/trace
2026-03-02 04:12:14,821 - WARNING - IP [2606:4700:3036:0:a36a:4af2:65e7:a0d6] 直连探测连接错误 (尝试 3/3): HTTPConnectionPool(host='2606:4700:3036:0:a36a:4af2:65e7:a0d6', port=80): Max retries exceeded with url: /cdn-cgi/trace (Caused by NewConnectionError('<urllib3.connection.HTTPConnection object at 0x00000154D01FD7B0>: Failed to establish a new connection: [WinError 10051] 向一个无法连接的网络尝试了一个套接字操作。'))
2026-03-02 04:12:15,235 - ERROR - IP [2606:4700:3036:0:a36a:4af2:65e7:a0d6:443] 无法获取地理位置信息
2026-03-02 04:12:15,321 - ERROR - IP [2606:4700:3036:0:a36a:4af2:65e7:a0d6] 无法获取地理位置信息
2026-03-02 04:12:15,323 - INFO - 已保存 US 分类结果到 ./US\test-ip.txt，共 2 个IP
2026-03-02 04:12:15,323 - INFO - 文件 test-ip.txt 处理完成：成功 2 个，失败 2 个
2026-03-02 04:12:15,323 - WARNING - 文件 cmcc-ip.txt 不存在，跳过处理
2026-03-02 04:12:15,323 - WARNING - 文件 cucc-ip.txt 不存在，跳过处理
2026-03-02 04:12:15,323 - WARNING - 文件 ctcc-ip.txt 不存在，跳过处理
2026-03-02 04:12:15,323 - WARNING - 文件 bestcf-ip.txt 不存在，跳过处理
2026-03-02 04:12:15,324 - INFO - 汇总文件保存成功，共 2 个IP
2026-03-02 04:12:15,324 - INFO - 开始按colo优化IP...
2026-03-02 04:12:15,325 - INFO - 读取到 2 个IP进行优化
2026-03-02 04:12:15,326 - INFO - 按colo分组完成，共 0 个分组
2026-03-02 04:12:15,326 - ERROR - 没有IP被优化
2026-03-02 04:12:15,326 - INFO - IP筛选和优化完成，耗时: 1.60秒
2026-03-02 04:13:05,421 - INFO - 开始执行IP筛选和优化
2026-03-02 04:13:05,422 - INFO - 开始处理文件：test-ip.txt
2026-03-02 04:13:05,422 - INFO - 文件 test-ip.txt 包含 4 个IP
2026-03-02 04:13:05,426 - WARNING - Retrying (Retry(total=2, connect=None, read=None, redirect=None, status=None)) after connection broken by 'NewConnectionError('<urllib3.connection.HTTPConnection object at 0x0000028C1FC9EFD0>: Failed to establish a new connection: [WinError 10051] 向一个无法连接的网络尝试了一个套接字操作。')': /cdn-cgi/trace
2026-03-02 04:13:05,427 - WARNING - Retrying (Retry(total=2, connect=None, read=None, redirect=None, status=None)) after connection broken by 'NewConnectionError('<urllib3.connection.HTTPConnection object at 0x0000028C1FC2B100>: Failed to establish a new connection: [WinError 10051] 向一个无法连接的网络尝试了一个套接字操作。')': /cdn-cgi/trace
2026-03-02 04:13:05,427 - WARNING - Retrying (Retry(total=1, connect=None, read=None, redirect=None, status=None)) after connection broken by 'NewConnectionError('<urllib3.connection.HTTPConnection object at 0x0000028C1FC2B360>: Failed to establish a new connection: [WinError 10051] 向一个无法连接的网络尝试了一个套接字操作。')': /cdn-cgi/trace
2026-03-02 04:13:05,427 - WARNING - Retrying (Retry(total=1, connect=None, read=None, redirect=None, status=None)) after connection broken by 'NewConnectionError('<urllib3.connection.HTTPConnection object at 0x0000028C1FC95130>: Failed to establish a new connection: [WinError 10051] 向一个无法连接的网络尝试了一个套接字操作。')': /cdn-cgi/trace
2026-03-02 04:13:05,428 - WARNING - Retrying (Retry(total=0, connect=None, read=None, redirect=None, status=None)) after connection broken by 'NewConnectionError('<urllib3.connection.HTTPConnection object at 0x0000028C1FCCC270>: Failed to establish a new connection: [WinError 10051] 向一个无法连接的网络尝试了一个套接字操作。')': /cdn-cgi/trace
2026-03-02 04:13:05,428 - WARNING - Retrying (Retry(total=0, connect=None, read=None, redirect=None, status=None)) after connection broken by 'NewConnectionError('<urllib3.connection.HTTPConnection object at 0x0000028C1FCCC160>: Failed to establish a new connection: [WinError 10051] 向一个无法连接的网络尝试了一个套接字操作。')': /cdn-cgi/trace
2026-03-02 04:13:05,428 - WARNING - IP [2606:4700:3036:0:a36a:4af2:65e7:a0d6] 直连探测连接错误 (尝试 1/3): HTTPConnectionPool(host='2606:4700:3036:0:a36a:4af2:65e7:a0d6', port=80): Max retries exceeded with url: /cdn-cgi/trace (Caused by NewConnectionError('<urllib3.connection.HTTPConnection object at 0x0000028C1FCCC6B0>: Failed to establish a new connection: [WinError 10051] 向一个无法连接的网络尝试了一个套接字操作。'))
2026-03-02 04:13:05,439 - WARNING - IP [2606:4700:3036:0:a36a:4af2:65e7:a0d6] 直连探测连接错误 (尝试 1/3): HTTPConnectionPool(host='2606:4700:3036:0:a36a:4af2:65e7:a0d6', port=80): Max retries exceeded with url: /cdn-cgi/trace (Caused by NewConnectionError('<urllib3.connection.HTTPConnection object at 0x0000028C1FCCC8D0>: Failed to establish a new connection: [WinError 10051] 向一个无法连接的网络尝试了一个套接字操作。'))
2026-03-02 04:13:05,840 - INFO - IP 104.17.206.188 直连探测成功，colo: LAX, 国家: US
2026-03-02 04:13:05,842 - INFO - IP 172.64.41.142 直连探测成功，colo: LAX, 国家: US
2026-03-02 04:13:05,950 - WARNING - Retrying (Retry(total=2, connect=None, read=None, redirect=None, status=None)) after connection broken by 'NewConnectionError('<urllib3.connection.HTTPConnection object at 0x0000028C1FC23240>: Failed to establish a new connection: [WinError 10051] 向一个无法连接的网络尝试了一个套接字操作。')': /cdn-cgi/trace
2026-03-02 04:13:05,950 - WARNING - Retrying (Retry(total=2, connect=None, read=None, redirect=None, status=None)) after connection broken by 'NewConnectionError('<urllib3.connection.HTTPConnection object at 0x0000028C1FC23130>: Failed to establish a new connection: [WinError 10051] 向一个无法连接的网络尝试了一个套接字操作。')': /cdn-cgi/trace
2026-03-02 04:13:05,952 - WARNING - Retrying (Retry(total=1, connect=None, read=None, redirect=None, status=None)) after connection broken by 'NewConnectionError('<urllib3.connection.HTTPConnection object at 0x0000028C1FCCD150>: Failed to establish a new connection: [WinError 10051] 向一个无法连接的网络尝试了一个套接字操作。')': /cdn-cgi/trace
2026-03-02 04:13:05,952 - WARNING - Retrying (Retry(total=1, connect=None, read=None, redirect=None, status=None)) after connection broken by 'NewConnectionError('<urllib3.connection.HTTPConnection object at 0x0000028C1FCCCF30>: Failed to establish a new connection: [WinError 10051] 向一个无法连接的网络尝试了一个套接字操作。')': /cdn-cgi/trace
2026-03-02 04:13:05,952 - WARNING - Retrying (Retry(total=0, connect=None, read=None, redirect=None, status=None)) after connection broken by 'NewConnectionError('<urllib3.connection.HTTPConnection object at 0x0000028C1FCCD590>: Failed to establish a new connection: [WinError 10051] 向一个无法连接的网络尝试了一个套接字操作。')': /cdn-cgi/trace
2026-03-02 04:13:05,966 - WARNING - Retrying (Retry(total=0, connect=None, read=None, redirect=None, status=None)) after connection broken by 'NewConnectionError('<urllib3.connection.HTTPConnection object at 0x0000028C1FCCD7B0>: Failed to establish a new connection: [WinError 10051] 向一个无法连接的网络尝试了一个套接字操作。')': /cdn-cgi/trace
2026-03-02 04:13:05,966 - WARNING - IP [2606:4700:3036:0:a36a:4af2:65e7:a0d6] 直连探测连接错误 (尝试 2/3): HTTPConnectionPool(host='2606:4700:3036:0:a36a:4af2:65e7:a0d6', port=80): Max retries exceeded with url: /cdn-cgi/trace (Caused by NewConnectionError('<urllib3.connection.HTTPConnection object at 0x0000028C1FCCDBF0>: Failed to establish a new connection: [WinError 10051] 向一个无法连接的网络尝试了一个套接字操作。'))
2026-03-02 04:13:05,967 - WARNING - IP [2606:4700:3036:0:a36a:4af2:65e7:a0d6] 直连探测连接错误 (尝试 2/3): HTTPConnectionPool(host='2606:4700:3036:0:a36a:4af2:65e7:a0d6', port=80): Max retries exceeded with url: /cdn-cgi/trace (Caused by NewConnectionError('<urllib3.connection.HTTPConnection object at 0x0000028C1FCCDF20>: Failed to establish a new connection: [WinError 10051] 向一个无法连接的网络尝试了一个套接字操作。'))
2026-03-02 04:13:06,468 - WARNING - Retrying (Retry(total=2, connect=None, read=None, redirect=None, status=None)) after connection broken by 'NewConnectionError('<urllib3.connection.HTTPConnection object at 0x0000028C1FCCE580>: Failed to establish a new connection: [WinError 10051] 向一个无法连接的网络尝试了一个套接字操作。')': /cdn-cgi/trace
2026-03-02 04:13:06,468 - WARNING - Retrying (Retry(total=2, connect=None, read=None, redirect=None, status=None)) after connection broken by 'NewConnectionError('<urllib3.connection.HTTPConnection object at 0x0000028C1FCCE9C0>: Failed to establish a new connection: [WinError 10051] 向一个无法连接的网络尝试了一个套接字操作。')': /cdn-cgi/trace
2026-03-02 04:13:06,469 - WARNING - Retrying (Retry(total=1, connect=None, read=None, redirect=None, status=None)) after connection broken by 'NewConnectionError('<urllib3.connection.HTTPConnection object at 0x0000028C1FCCECF0>: Failed to establish a new connection: [WinError 10051] 向一个无法连接的网络尝试了一个套接字操作。')': /cdn-cgi/trace
2026-03-02 04:13:06,469 - WARNING - Retrying (Retry(total=1, connect=None, read=None, redirect=None, status=None)) after connection broken by 'NewConnectionError('<urllib3.connection.HTTPConnection object at 0x0000028C1FCCEF10>: Failed to establish a new connection: [WinError 10051] 向一个无法连接的网络尝试了一个套接字操作。')': /cdn-cgi/trace
2026-03-02 04:13:06,469 - WARNING - Retrying (Retry(total=0, connect=None, read=None, redirect=None, status=None)) after connection broken by 'NewConnectionError('<urllib3.connection.HTTPConnection object at 0x0000028C1FCCF350>: Failed to establish a new connection: [WinError 10051] 向一个无法连接的网络尝试了一个套接字操作。')': /cdn-cgi/trace
2026-03-02 04:13:06,470 - WARNING - Retrying (Retry(total=0, connect=None, read=None, redirect=None, status=None)) after connection broken by 'NewConnectionError('<urllib3.connection.HTTPConnection object at 0x0000028C1FCCF680>: Failed to establish a new connection: [WinError 10051] 向一个无法连接的网络尝试了一个套接字操作。')': /cdn-cgi/trace
2026-03-02 04:13:06,470 - WARNING - IP [2606:4700:3036:0:a36a:4af2:65e7:a0d6] 直连探测连接错误 (尝试 3/3): HTTPConnectionPool(host='2606:4700:3036:0:a36a:4af2:65e7:a0d6', port=80): Max retries exceeded with url: /cdn-cgi/trace (Caused by NewConnectionError('<urllib3.connection.HTTPConnection object at 0x0000028C1FCCFCE0>: Failed to establish a new connection: [WinError 10051] 向一个无法连接的网络尝试了一个套接字操作。'))
2026-03-02 04:13:06,488 - WARNING - IP [2606:4700:3036:0:a36a:4af2:65e7:a0d6] 直连探测连接错误 (尝试 3/3): HTTPConnectionPool(host='2606:4700:3036:0:a36a:4af2:65e7:a0d6', port=80): Max retries exceeded with url: /cdn-cgi/trace (Caused by NewConnectionError('<urllib3.connection.HTTPConnection object at 0x0000028C1FCCF8A0>: Failed to establish a new connection: [WinError 10051] 向一个无法连接的网络尝试了一个套接字操作。'))
2026-03-02 04:13:06,971 - ERROR - IP [2606:4700:3036:0:a36a:4af2:65e7:a0d6] 无法获取地理位置信息
2026-03-02 04:13:06,989 - ERROR - IP [2606:4700:3036:0:a36a:4af2:65e7:a0d6] 无法获取地理位置信息
2026-03-02 04:13:06,990 - INFO - 已保存 US 分类结果到 ./US\test-ip.txt，共 2 个IP
2026-03-02 04:13:06,990 - INFO - 文件 test-ip.txt 处理完成：成功 2 个，失败 2 个
2026-03-02 04:13:06,990 - WARNING - 文件 cmcc-ip.txt 不存在，跳过处理
2026-03-02 04:13:06,990 - WARNING - 文件 cucc-ip.txt 不存在，跳过处理
2026-03-02 04:13:06,991 - WARNING - 文件 ctcc-ip.txt 不存在，跳过处理
2026-03-02 04:13:06,991 - WARNING - 文件 bestcf-ip.txt 不存在，跳过处理
2026-03-02 04:13:06,991 - INFO - 汇总文件保存成功，共 2 个IP
2026-03-02 04:13:06,991 - INFO - 开始按colo优化IP...
2026-03-02 04:13:06,992 - INFO - 读取到 2 个IP进行优化
2026-03-02 04:13:06,992 - INFO - 按colo分组完成，共 0 个分组
2026-03-02 04:13:06,993 - ERROR - 没有IP被优化
2026-03-02 04:13:06,993 - INFO - IP筛选和优化完成，耗时: 1.57秒
2026-03-02 04:21:35,417 - INFO - 开始执行IP筛选和优化
2026-03-02 04:21:35,417 - WARNING - 文件 cmcc-ip.txt 不存在，跳过处理
2026-03-02 04:21:35,417 - WARNING - 文件 cucc-ip.txt 不存在，跳过处理
2026-03-02 04:21:35,417 - WARNING - 文件 ctcc-ip.txt 不存在，跳过处理
2026-03-02 04:21:35,418 - WARNING - 文件 bestcf-ip.txt 不存在，跳过处理
2026-03-02 04:21:35,418 - WARNING - 没有IP被处理
2026-03-02 04:21:35,418 - INFO - IP筛选和优化完成，耗时: 0.00秒
2026-03-02 04:22:02,827 - INFO - 开始执行IP筛选和优化
2026-03-02 04:22:02,827 - INFO - 开始处理文件：test-ip.txt
2026-03-02 04:22:02,827 - INFO - 文件 test-ip.txt 包含 3 个IP
2026-03-02 04:22:02,851 - WARNING - Retrying (Retry(total=2, connect=None, read=None, redirect=None, status=None)) after connection broken by 'NewConnectionError('<urllib3.connection.HTTPConnection object at 0x000002740A5BEE90>: Failed to establish a new connection: [WinError 10051] 向一个无法连接的网络尝试了一个套接字操作。')': /cdn-cgi/trace
2026-03-02 04:22:02,866 - WARNING - Retrying (Retry(total=1, connect=None, read=None, redirect=None, status=None)) after connection broken by 'NewConnectionError('<urllib3.connection.HTTPConnection object at 0x000002740A546C40>: Failed to establish a new connection: [WinError 10051] 向一个无法连接的网络尝试了一个套接字操作。')': /cdn-cgi/trace
2026-03-02 04:22:02,867 - WARNING - Retrying (Retry(total=0, connect=None, read=None, redirect=None, status=None)) after connection broken by 'NewConnectionError('<urllib3.connection.HTTPConnection object at 0x000002740A546D70>: Failed to establish a new connection: [WinError 10051] 向一个无法连接的网络尝试了一个套接字操作。')': /cdn-cgi/trace
2026-03-02 04:22:02,882 - WARNING - IP [2606:4700:0:dd:c9f1:b762:a80e:c417] http连接错误: HTTPConnectionPool(host='2606:4700:0:dd:c9f1:b762:a80e:c417', port=80): Max retries exceeded with url: /cdn-cgi/trace (Caused by NewConnectionError('<urllib3.connection.HTTPConnection object at 0x000002740A5B5010>: Failed to establish a new connection: [WinError 10051] 向一个无法连接的网络尝试了一个套接字操作。'))
2026-03-02 04:22:02,882 - WARNING - IPv6连接失败，尝试其他方法...
2026-03-02 04:22:02,897 - WARNING - Retrying (Retry(total=2, connect=None, read=None, redirect=None, status=None)) after connection broken by 'NewConnectionError('<urllib3.connection.HTTPSConnection object at 0x000002740A582900>: Failed to establish a new connection: [WinError 10051] 向一个无法连接的网络尝试了一个套接字操作。')': /cdn-cgi/trace
2026-03-02 04:22:02,913 - WARNING - Retrying (Retry(total=1, connect=None, read=None, redirect=None, status=None)) after connection broken by 'NewConnectionError('<urllib3.connection.HTTPSConnection object at 0x000002740A5BF110>: Failed to establish a new connection: [WinError 10051] 向一个无法连接的网络尝试了一个套接字操作。')': /cdn-cgi/trace
2026-03-02 04:22:02,913 - WARNING - Retrying (Retry(total=0, connect=None, read=None, redirect=None, status=None)) after connection broken by 'NewConnectionError('<urllib3.connection.HTTPSConnection object at 0x000002740A5BF250>: Failed to establish a new connection: [WinError 10051] 向一个无法连接的网络尝试了一个套接字操作。')': /cdn-cgi/trace
2026-03-02 04:22:02,914 - WARNING - IP [2606:4700:0:dd:c9f1:b762:a80e:c417] https连接错误: HTTPSConnectionPool(host='2606:4700:0:dd:c9f1:b762:a80e:c417', port=443): Max retries exceeded with url: /cdn-cgi/trace (Caused by NewConnectionError('<urllib3.connection.HTTPSConnection object at 0x000002740A5BF390>: Failed to establish a new connection: [WinError 10051] 向一个无法连接的网络尝试了一个套接字操作。'))
2026-03-02 04:22:02,914 - WARNING - IPv6连接失败，尝试其他方法...
2026-03-02 04:22:02,928 - WARNING - Retrying (Retry(total=2, connect=None, read=None, redirect=None, status=None)) after connection broken by 'NewConnectionError('<urllib3.connection.HTTPConnection object at 0x000002740A5EC160>: Failed to establish a new connection: [WinError 10051] 向一个无法连接的网络尝试了一个套接字操作。')': /cdn-cgi/trace
2026-03-02 04:22:02,944 - WARNING - Retrying (Retry(total=1, connect=None, read=None, redirect=None, status=None)) after connection broken by 'NewConnectionError('<urllib3.connection.HTTPConnection object at 0x000002740A5EC490>: Failed to establish a new connection: [WinError 10051] 向一个无法连接的网络尝试了一个套接字操作。')': /cdn-cgi/trace
2026-03-02 04:22:02,945 - WARNING - Retrying (Retry(total=0, connect=None, read=None, redirect=None, status=None)) after connection broken by 'NewConnectionError('<urllib3.connection.HTTPConnection object at 0x000002740A5EC7C0>: Failed to establish a new connection: [WinError 10051] 向一个无法连接的网络尝试了一个套接字操作。')': /cdn-cgi/trace
2026-03-02 04:22:02,959 - WARNING - IP [2606:4700:0:dd:c9f1:b762:a80e:c417] http连接错误: HTTPConnectionPool(host='2606:4700:0:dd:c9f1:b762:a80e:c417', port=80): Max retries exceeded with url: /cdn-cgi/trace (Caused by NewConnectionError('<urllib3.connection.HTTPConnection object at 0x000002740A5ECAF0>: Failed to establish a new connection: [WinError 10051] 向一个无法连接的网络尝试了一个套接字操作。'))
2026-03-02 04:22:02,960 - WARNING - IPv6连接失败，尝试其他方法...
2026-03-02 04:22:02,961 - WARNING - Retrying (Retry(total=2, connect=None, read=None, redirect=None, status=None)) after connection broken by 'NewConnectionError('<urllib3.connection.HTTPSConnection object at 0x000002740A5BF750>: Failed to establish a new connection: [WinError 10051] 向一个无法连接的网络尝试了一个套接字操作。')': /cdn-cgi/trace
2026-03-02 04:22:02,961 - WARNING - Retrying (Retry(total=1, connect=None, read=None, redirect=None, status=None)) after connection broken by 'NewConnectionError('<urllib3.connection.HTTPSConnection object at 0x000002740A5BF890>: Failed to establish a new connection: [WinError 10051] 向一个无法连接的网络尝试了一个套接字操作。')': /cdn-cgi/trace
2026-03-02 04:22:02,975 - WARNING - Retrying (Retry(total=0, connect=None, read=None, redirect=None, status=None)) after connection broken by 'NewConnectionError('<urllib3.connection.HTTPSConnection object at 0x000002740A5BF9D0>: Failed to establish a new connection: [WinError 10051] 向一个无法连接的网络尝试了一个套接字操作。')': /cdn-cgi/trace
2026-03-02 04:22:02,976 - WARNING - IP [2606:4700:0:dd:c9f1:b762:a80e:c417] https连接错误: HTTPSConnectionPool(host='2606:4700:0:dd:c9f1:b762:a80e:c417', port=443): Max retries exceeded with url: /cdn-cgi/trace (Caused by NewConnectionError('<urllib3.connection.HTTPSConnection object at 0x000002740A5BFB10>: Failed to establish a new connection: [WinError 10051] 向一个无法连接的网络尝试了一个套接字操作。'))
2026-03-02 04:22:02,976 - WARNING - IPv6连接失败，尝试其他方法...
2026-03-02 04:22:02,977 - WARNING - Retrying (Retry(total=2, connect=None, read=None, redirect=None, status=None)) after connection broken by 'NewConnectionError('<urllib3.connection.HTTPConnection object at 0x000002740A5ED040>: Failed to establish a new connection: [WinError 10051] 向一个无法连接的网络尝试了一个套接字操作。')': /cdn-cgi/trace
2026-03-02 04:22:02,977 - WARNING - Retrying (Retry(total=1, connect=None, read=None, redirect=None, status=None)) after connection broken by 'NewConnectionError('<urllib3.connection.HTTPConnection object at 0x000002740A5ED370>: Failed to establish a new connection: [WinError 10051] 向一个无法连接的网络尝试了一个套接字操作。')': /cdn-cgi/trace
2026-03-02 04:22:02,978 - WARNING - Retrying (Retry(total=0, connect=None, read=None, redirect=None, status=None)) after connection broken by 'NewConnectionError('<urllib3.connection.HTTPConnection object at 0x000002740A5ED6A0>: Failed to establish a new connection: [WinError 10051] 向一个无法连接的网络尝试了一个套接字操作。')': /cdn-cgi/trace
2026-03-02 04:22:02,992 - WARNING - IP [2606:4700:0:dd:c9f1:b762:a80e:c417] http连接错误: HTTPConnectionPool(host='2606:4700:0:dd:c9f1:b762:a80e:c417', port=80): Max retries exceeded with url: /cdn-cgi/trace (Caused by NewConnectionError('<urllib3.connection.HTTPConnection object at 0x000002740A5ED9D0>: Failed to establish a new connection: [WinError 10051] 向一个无法连接的网络尝试了一个套接字操作。'))
2026-03-02 04:22:02,992 - WARNING - IPv6连接失败，尝试其他方法...
2026-03-02 04:22:03,007 - WARNING - Retrying (Retry(total=2, connect=None, read=None, redirect=None, status=None)) after connection broken by 'NewConnectionError('<urllib3.connection.HTTPSConnection object at 0x000002740A5BFED0>: Failed to establish a new connection: [WinError 10051] 向一个无法连接的网络尝试了一个套接字操作。')': /cdn-cgi/trace
2026-03-02 04:22:03,024 - WARNING - Retrying (Retry(total=1, connect=None, read=None, redirect=None, status=None)) after connection broken by 'NewConnectionError('<urllib3.connection.HTTPSConnection object at 0x000002740A64C050>: Failed to establish a new connection: [WinError 10051] 向一个无法连接的网络尝试了一个套接字操作。')': /cdn-cgi/trace
2026-03-02 04:22:03,024 - WARNING - Retrying (Retry(total=0, connect=None, read=None, redirect=None, status=None)) after connection broken by 'NewConnectionError('<urllib3.connection.HTTPSConnection object at 0x000002740A64C190>: Failed to establish a new connection: [WinError 10051] 向一个无法连接的网络尝试了一个套接字操作。')': /cdn-cgi/trace
2026-03-02 04:22:03,025 - WARNING - IP [2606:4700:0:dd:c9f1:b762:a80e:c417] https连接错误: HTTPSConnectionPool(host='2606:4700:0:dd:c9f1:b762:a80e:c417', port=443): Max retries exceeded with url: /cdn-cgi/trace (Caused by NewConnectionError('<urllib3.connection.HTTPSConnection object at 0x000002740A64C2D0>: Failed to establish a new connection: [WinError 10051] 向一个无法连接的网络尝试了一个套接字操作。'))
2026-03-02 04:22:03,025 - WARNING - IPv6连接失败，尝试其他方法...
2026-03-02 04:22:03,025 - ERROR - IP [2606:4700:0:dd:c9f1:b762:a80e:c417] 无法获取地理位置信息
2026-03-02 04:22:03,201 - INFO - IP 162.159.134.100 直连探测成功，colo: LHR, 国家: GB-LHR
2026-03-02 04:22:03,248 - INFO - IP 172.64.41.142 直连探测成功，colo: LAX, 国家: US-LAX
2026-03-02 04:22:03,250 - INFO - 已保存 GB-LHR 分类结果到 ./GB-LHR\test-ip.txt，共 1 个IP
2026-03-02 04:22:03,250 - INFO - 已保存 US-LAX 分类结果到 ./US-LAX\test-ip.txt，共 1 个IP
2026-03-02 04:22:03,251 - INFO - 文件 test-ip.txt 处理完成：成功 2 个，失败 1 个
2026-03-02 04:22:03,251 - WARNING - 文件 cmcc-ip.txt 不存在，跳过处理
2026-03-02 04:22:03,251 - WARNING - 文件 cucc-ip.txt 不存在，跳过处理
2026-03-02 04:22:03,251 - WARNING - 文件 ctcc-ip.txt 不存在，跳过处理
2026-03-02 04:22:03,251 - WARNING - 文件 bestcf-ip.txt 不存在，跳过处理
2026-03-02 04:22:03,252 - INFO - 汇总文件保存成功，共 2 个IP
2026-03-02 04:22:03,252 - INFO - 开始按colo优化IP...
2026-03-02 04:22:03,260 - INFO - 读取到 2 个IP进行优化
2026-03-02 04:22:03,260 - INFO - 按colo分组完成，共 0 个分组
2026-03-02 04:22:03,260 - ERROR - 没有IP被优化
2026-03-02 04:22:03,260 - INFO - IP筛选和优化完成，耗时: 0.43秒
2026-03-02 04:26:55,146 - INFO - 开始执行IP筛选和优化
2026-03-02 04:26:55,146 - INFO - 开始处理文件：test-ip.txt
2026-03-02 04:26:55,147 - INFO - 文件 test-ip.txt 包含 6 个IP
2026-03-02 04:26:55,496 - INFO - IP 162.159.134.100 直连探测成功，colo: LHR, 国家: GB-LHR
2026-03-02 04:26:55,497 - WARNING - Retrying (Retry(total=2, connect=None, read=None, redirect=None, status=None)) after connection broken by 'NewConnectionError('<urllib3.connection.HTTPConnection object at 0x000002552041A330>: Failed to establish a new connection: [WinError 10051] 向一个无法连接的网络尝试了一个套接字操作。')': /cdn-cgi/trace
2026-03-02 04:26:55,497 - WARNING - Retrying (Retry(total=1, connect=None, read=None, redirect=None, status=None)) after connection broken by 'NewConnectionError('<urllib3.connection.HTTPConnection object at 0x00000255203A3F00>: Failed to establish a new connection: [WinError 10051] 向一个无法连接的网络尝试了一个套接字操作。')': /cdn-cgi/trace
2026-03-02 04:26:55,498 - WARNING - Retrying (Retry(total=0, connect=None, read=None, redirect=None, status=None)) after connection broken by 'NewConnectionError('<urllib3.connection.HTTPConnection object at 0x0000025520450270>: Failed to establish a new connection: [WinError 10051] 向一个无法连接的网络尝试了一个套接字操作。')': /cdn-cgi/trace
2026-03-02 04:26:55,498 - WARNING - IP [2606:4700:0:dd:c9f1:b762:a80e:c417] http连接错误: HTTPConnectionPool(host='2606:4700:0:dd:c9f1:b762:a80e:c417', port=80): Max retries exceeded with url: /cdn-cgi/trace (Caused by NewConnectionError('<urllib3.connection.HTTPConnection object at 0x00000255204505A0>: Failed to establish a new connection: [WinError 10051] 向一个无法连接的网络尝试了一个套接字操作。'))
2026-03-02 04:26:55,498 - WARNING - IPv6连接失败，尝试其他方法...
2026-03-02 04:26:55,520 - WARNING - Retrying (Retry(total=2, connect=None, read=None, redirect=None, status=None)) after connection broken by 'NewConnectionError('<urllib3.connection.HTTPSConnection object at 0x00000255204239D0>: Failed to establish a new connection: [WinError 10051] 向一个无法连接的网络尝试了一个套接字操作。')': /cdn-cgi/trace
2026-03-02 04:26:55,521 - WARNING - Retrying (Retry(total=1, connect=None, read=None, redirect=None, status=None)) after connection broken by 'NewConnectionError('<urllib3.connection.HTTPSConnection object at 0x0000025520422AD0>: Failed to establish a new connection: [WinError 10051] 向一个无法连接的网络尝试了一个套接字操作。')': /cdn-cgi/trace
2026-03-02 04:26:55,536 - WARNING - Retrying (Retry(total=0, connect=None, read=None, redirect=None, status=None)) after connection broken by 'NewConnectionError('<urllib3.connection.HTTPSConnection object at 0x0000025520423890>: Failed to establish a new connection: [WinError 10051] 向一个无法连接的网络尝试了一个套接字操作。')': /cdn-cgi/trace
2026-03-02 04:26:55,552 - WARNING - IP [2606:4700:0:dd:c9f1:b762:a80e:c417] https连接错误: HTTPSConnectionPool(host='2606:4700:0:dd:c9f1:b762:a80e:c417', port=443): Max retries exceeded with url: /cdn-cgi/trace (Caused by NewConnectionError('<urllib3.connection.HTTPSConnection object at 0x0000025520423750>: Failed to establish a new connection: [WinError 10051] 向一个无法连接的网络尝试了一个套接字操作。'))
2026-03-02 04:26:55,553 - WARNING - IPv6连接失败，尝试其他方法...
2026-03-02 04:26:55,567 - WARNING - Retrying (Retry(total=2, connect=None, read=None, redirect=None, status=None)) after connection broken by 'NewConnectionError('<urllib3.connection.HTTPConnection object at 0x00000255204509E0>: Failed to establish a new connection: [WinError 10051] 向一个无法连接的网络尝试了一个套接字操作。')': /cdn-cgi/trace
2026-03-02 04:26:55,573 - INFO - IP 104.17.206.188 直连探测成功，colo: LAX, 国家: US-LAX
2026-03-02 04:26:55,583 - WARNING - Retrying (Retry(total=1, connect=None, read=None, redirect=None, status=None)) after connection broken by 'NewConnectionError('<urllib3.connection.HTTPConnection object at 0x0000025520450D10>: Failed to establish a new connection: [WinError 10051] 向一个无法连接的网络尝试了一个套接字操作。')': /cdn-cgi/trace
2026-03-02 04:26:55,583 - WARNING - Retrying (Retry(total=0, connect=None, read=None, redirect=None, status=None)) after connection broken by 'NewConnectionError('<urllib3.connection.HTTPConnection object at 0x00000255203A3350>: Failed to establish a new connection: [WinError 10051] 向一个无法连接的网络尝试了一个套接字操作。')': /cdn-cgi/trace
2026-03-02 04:26:55,584 - WARNING - IP [2606:4700:0:dd:c9f1:b762:a80e:c417] http连接错误: HTTPConnectionPool(host='2606:4700:0:dd:c9f1:b762:a80e:c417', port=80): Max retries exceeded with url: /cdn-cgi/trace (Caused by NewConnectionError('<urllib3.connection.HTTPConnection object at 0x0000025520451040>: Failed to establish a new connection: [WinError 10051] 向一个无法连接的网络尝试了一个套接字操作。'))
2026-03-02 04:26:55,584 - WARNING - IPv6连接失败，尝试其他方法...
2026-03-02 04:26:55,587 - INFO - IP 172.64.41.142 直连探测成功，colo: LAX, 国家: US-LAX
2026-03-02 04:26:55,598 - WARNING - Retrying (Retry(total=2, connect=None, read=None, redirect=None, status=None)) after connection broken by 'NewConnectionError('<urllib3.connection.HTTPSConnection object at 0x00000255204220D0>: Failed to establish a new connection: [WinError 10051] 向一个无法连接的网络尝试了一个套接字操作。')': /cdn-cgi/trace
2026-03-02 04:26:55,598 - WARNING - Retrying (Retry(total=1, connect=None, read=None, redirect=None, status=None)) after connection broken by 'NewConnectionError('<urllib3.connection.HTTPSConnection object at 0x00000255204216D0>: Failed to establish a new connection: [WinError 10051] 向一个无法连接的网络尝试了一个套接字操作。')': /cdn-cgi/trace
2026-03-02 04:26:55,599 - WARNING - Retrying (Retry(total=0, connect=None, read=None, redirect=None, status=None)) after connection broken by 'NewConnectionError('<urllib3.connection.HTTPSConnection object at 0x0000025520421810>: Failed to establish a new connection: [WinError 10051] 向一个无法连接的网络尝试了一个套接字操作。')': /cdn-cgi/trace
2026-03-02 04:26:55,599 - WARNING - IP [2606:4700:0:dd:c9f1:b762:a80e:c417] https连接错误: HTTPSConnectionPool(host='2606:4700:0:dd:c9f1:b762:a80e:c417', port=443): Max retries exceeded with url: /cdn-cgi/trace (Caused by NewConnectionError('<urllib3.connection.HTTPSConnection object at 0x0000025520423B10>: Failed to establish a new connection: [WinError 10051] 向一个无法连接的网络尝试了一个套接字操作。'))
2026-03-02 04:26:55,599 - WARNING - IPv6连接失败，尝试其他方法...
2026-03-02 04:26:55,614 - WARNING - Retrying (Retry(total=2, connect=None, read=None, redirect=None, status=None)) after connection broken by 'NewConnectionError('<urllib3.connection.HTTPConnection object at 0x0000025520451370>: Failed to establish a new connection: [WinError 10051] 向一个无法连接的网络尝试了一个套接字操作。')': /cdn-cgi/trace
2026-03-02 04:26:55,615 - WARNING - Retrying (Retry(total=1, connect=None, read=None, redirect=None, status=None)) after connection broken by 'NewConnectionError('<urllib3.connection.HTTPConnection object at 0x00000255204516A0>: Failed to establish a new connection: [WinError 10051] 向一个无法连接的网络尝试了一个套接字操作。')': /cdn-cgi/trace
2026-03-02 04:26:55,615 - WARNING - Retrying (Retry(total=0, connect=None, read=None, redirect=None, status=None)) after connection broken by 'NewConnectionError('<urllib3.connection.HTTPConnection object at 0x00000255204519D0>: Failed to establish a new connection: [WinError 10051] 向一个无法连接的网络尝试了一个套接字操作。')': /cdn-cgi/trace
2026-03-02 04:26:55,630 - WARNING - IP [2606:4700:0:dd:c9f1:b762:a80e:c417] http连接错误: HTTPConnectionPool(host='2606:4700:0:dd:c9f1:b762:a80e:c417', port=80): Max retries exceeded with url: /cdn-cgi/trace (Caused by NewConnectionError('<urllib3.connection.HTTPConnection object at 0x0000025520451D00>: Failed to establish a new connection: [WinError 10051] 向一个无法连接的网络尝试了一个套接字操作。'))
2026-03-02 04:26:55,630 - WARNING - IPv6连接失败，尝试其他方法...
2026-03-02 04:26:55,645 - WARNING - Retrying (Retry(total=2, connect=None, read=None, redirect=None, status=None)) after connection broken by 'NewConnectionError('<urllib3.connection.HTTPSConnection object at 0x0000025520423D90>: Failed to establish a new connection: [WinError 10051] 向一个无法连接的网络尝试了一个套接字操作。')': /cdn-cgi/trace
2026-03-02 04:26:55,646 - WARNING - Retrying (Retry(total=1, connect=None, read=None, redirect=None, status=None)) after connection broken by 'NewConnectionError('<urllib3.connection.HTTPSConnection object at 0x0000025520423ED0>: Failed to establish a new connection: [WinError 10051] 向一个无法连接的网络尝试了一个套接字操作。')': /cdn-cgi/trace
2026-03-02 04:26:55,660 - WARNING - Retrying (Retry(total=0, connect=None, read=None, redirect=None, status=None)) after connection broken by 'NewConnectionError('<urllib3.connection.HTTPSConnection object at 0x00000255204D8050>: Failed to establish a new connection: [WinError 10051] 向一个无法连接的网络尝试了一个套接字操作。')': /cdn-cgi/trace
2026-03-02 04:26:55,676 - WARNING - IP [2606:4700:0:dd:c9f1:b762:a80e:c417] https连接错误: HTTPSConnectionPool(host='2606:4700:0:dd:c9f1:b762:a80e:c417', port=443): Max retries exceeded with url: /cdn-cgi/trace (Caused by NewConnectionError('<urllib3.connection.HTTPSConnection object at 0x00000255204D8190>: Failed to establish a new connection: [WinError 10051] 向一个无法连接的网络尝试了一个套接字操作。'))
2026-03-02 04:26:55,676 - WARNING - IPv6连接失败，尝试其他方法...
2026-03-02 04:26:55,676 - ERROR - IP [2606:4700:0:dd:c9f1:b762:a80e:c417] 无法获取地理位置信息
2026-03-02 04:26:57,274 - WARNING - Retrying (Retry(total=2, connect=None, read=None, redirect=None, status=None)) after connection broken by 'ConnectTimeoutError(<urllib3.connection.HTTPSConnection object at 0x00000255203E67B0>, 'Connection to 208.67.222.222 timed out. (connect timeout=2)')': /cdn-cgi/trace
2026-03-02 04:26:57,338 - WARNING - Retrying (Retry(total=2, connect=None, read=None, redirect=None, status=None)) after connection broken by 'ConnectTimeoutError(<urllib3.connection.HTTPSConnection object at 0x0000025520423610>, 'Connection to 1.1.1.1 timed out. (connect timeout=2)')': /cdn-cgi/trace
2026-03-02 04:26:59,279 - WARNING - Retrying (Retry(total=1, connect=None, read=None, redirect=None, status=None)) after connection broken by 'ConnectTimeoutError(<urllib3.connection.HTTPSConnection object at 0x0000025520421F90>, 'Connection to 208.67.222.222 timed out. (connect timeout=2)')': /cdn-cgi/trace
2026-03-02 04:26:59,340 - WARNING - Retrying (Retry(total=1, connect=None, read=None, redirect=None, status=None)) after connection broken by 'ConnectTimeoutError(<urllib3.connection.HTTPSConnection object at 0x00000255204220D0>, 'Connection to 1.1.1.1 timed out. (connect timeout=2)')': /cdn-cgi/trace
2026-03-02 04:27:01,292 - WARNING - Retrying (Retry(total=0, connect=None, read=None, redirect=None, status=None)) after connection broken by 'ConnectTimeoutError(<urllib3.connection.HTTPSConnection object at 0x00000255204216D0>, 'Connection to 208.67.222.222 timed out. (connect timeout=2)')': /cdn-cgi/trace
2026-03-02 04:27:01,354 - WARNING - Retrying (Retry(total=0, connect=None, read=None, redirect=None, status=None)) after connection broken by 'ConnectTimeoutError(<urllib3.connection.HTTPSConnection object at 0x0000025520421810>, 'Connection to 1.1.1.1 timed out. (connect timeout=2)')': /cdn-cgi/trace
2026-03-02 04:27:03,304 - WARNING - IP 208.67.222.222 https连接错误: HTTPSConnectionPool(host='208.67.222.222', port=443): Max retries exceeded with url: /cdn-cgi/trace (Caused by ConnectTimeoutError(<urllib3.connection.HTTPSConnection object at 0x0000025520423B10>, 'Connection to 208.67.222.222 timed out. (connect timeout=2)'))
2026-03-02 04:27:03,369 - WARNING - IP 1.1.1.1 http连接错误: HTTPSConnectionPool(host='1.1.1.1', port=443): Max retries exceeded with url: /cdn-cgi/trace (Caused by ConnectTimeoutError(<urllib3.connection.HTTPSConnection object at 0x0000025520421BD0>, 'Connection to 1.1.1.1 timed out. (connect timeout=2)'))
2026-03-02 04:27:05,379 - WARNING - Retrying (Retry(total=2, connect=None, read=None, redirect=None, status=None)) after connection broken by 'ConnectTimeoutError(<urllib3.connection.HTTPSConnection object at 0x0000025520422AD0>, 'Connection to 1.1.1.1 timed out. (connect timeout=2)')': /cdn-cgi/trace
2026-03-02 04:27:05,426 - WARNING - Retrying (Retry(total=2, connect=None, read=None, redirect=None, status=None)) after connection broken by 'ConnectTimeoutError(<urllib3.connection.HTTPSConnection object at 0x0000025520422FD0>, 'Connection to 208.67.222.222 timed out. (connect timeout=2)')': /cdn-cgi/trace
2026-03-02 04:27:07,394 - WARNING - Retrying (Retry(total=1, connect=None, read=None, redirect=None, status=None)) after connection broken by 'ConnectTimeoutError(<urllib3.connection.HTTPSConnection object at 0x0000025520423750>, 'Connection to 1.1.1.1 timed out. (connect timeout=2)')': /cdn-cgi/trace
2026-03-02 04:27:07,427 - WARNING - Retrying (Retry(total=1, connect=None, read=None, redirect=None, status=None)) after connection broken by 'ConnectTimeoutError(<urllib3.connection.HTTPSConnection object at 0x00000255204211D0>, 'Connection to 208.67.222.222 timed out. (connect timeout=2)')': /cdn-cgi/trace
2026-03-02 04:27:09,400 - WARNING - Retrying (Retry(total=0, connect=None, read=None, redirect=None, status=None)) after connection broken by 'ConnectTimeoutError(<urllib3.connection.HTTPSConnection object at 0x0000025520423890>, 'Connection to 1.1.1.1 timed out. (connect timeout=2)')': /cdn-cgi/trace
2026-03-02 04:27:09,434 - WARNING - Retrying (Retry(total=0, connect=None, read=None, redirect=None, status=None)) after connection broken by 'ConnectTimeoutError(<urllib3.connection.HTTPSConnection object at 0x00000255204D8550>, 'Connection to 208.67.222.222 timed out. (connect timeout=2)')': /cdn-cgi/trace
2026-03-02 04:27:11,414 - WARNING - IP 1.1.1.1 https连接错误: HTTPSConnectionPool(host='1.1.1.1', port=443): Max retries exceeded with url: /cdn-cgi/trace (Caused by ConnectTimeoutError(<urllib3.connection.HTTPSConnection object at 0x00000255204D8690>, 'Connection to 1.1.1.1 timed out. (connect timeout=2)'))
2026-03-02 04:27:11,446 - WARNING - IP 208.67.222.222 https连接错误: HTTPSConnectionPool(host='208.67.222.222', port=443): Max retries exceeded with url: /cdn-cgi/trace (Caused by ConnectTimeoutError(<urllib3.connection.HTTPSConnection object at 0x00000255204D87D0>, 'Connection to 208.67.222.222 timed out. (connect timeout=2)'))
2026-03-02 04:27:13,506 - WARNING - Retrying (Retry(total=2, connect=None, read=None, redirect=None, status=None)) after connection broken by 'ConnectTimeoutError(<urllib3.connection.HTTPSConnection object at 0x00000255204D8A50>, 'Connection to 1.1.1.1 timed out. (connect timeout=2)')': /cdn-cgi/trace
2026-03-02 04:27:13,569 - WARNING - Retrying (Retry(total=2, connect=None, read=None, redirect=None, status=None)) after connection broken by 'ConnectTimeoutError(<urllib3.connection.HTTPSConnection object at 0x00000255204D8B90>, 'Connection to 208.67.222.222 timed out. (connect timeout=2)')': /cdn-cgi/trace
2026-03-02 04:27:15,512 - WARNING - Retrying (Retry(total=1, connect=None, read=None, redirect=None, status=None)) after connection broken by 'ConnectTimeoutError(<urllib3.connection.HTTPSConnection object at 0x00000255204D8E10>, 'Connection to 1.1.1.1 timed out. (connect timeout=2)')': /cdn-cgi/trace
2026-03-02 04:27:15,576 - WARNING - Retrying (Retry(total=1, connect=None, read=None, redirect=None, status=None)) after connection broken by 'ConnectTimeoutError(<urllib3.connection.HTTPSConnection object at 0x00000255204D8F50>, 'Connection to 208.67.222.222 timed out. (connect timeout=2)')': /cdn-cgi/trace
2026-03-02 04:27:17,527 - WARNING - Retrying (Retry(total=0, connect=None, read=None, redirect=None, status=None)) after connection broken by 'ConnectTimeoutError(<urllib3.connection.HTTPSConnection object at 0x00000255204D9090>, 'Connection to 1.1.1.1 timed out. (connect timeout=2)')': /cdn-cgi/trace
2026-03-02 04:27:17,590 - WARNING - Retrying (Retry(total=0, connect=None, read=None, redirect=None, status=None)) after connection broken by 'ConnectTimeoutError(<urllib3.connection.HTTPSConnection object at 0x00000255204D91D0>, 'Connection to 208.67.222.222 timed out. (connect timeout=2)')': /cdn-cgi/trace
2026-03-02 04:27:19,527 - WARNING - IP 1.1.1.1 http连接错误: HTTPSConnectionPool(host='1.1.1.1', port=443): Max retries exceeded with url: /cdn-cgi/trace (Caused by ConnectTimeoutError(<urllib3.connection.HTTPSConnection object at 0x00000255204D9310>, 'Connection to 1.1.1.1 timed out. (connect timeout=2)'))
2026-03-02 04:27:19,606 - WARNING - IP 208.67.222.222 https连接错误: HTTPSConnectionPool(host='208.67.222.222', port=443): Max retries exceeded with url: /cdn-cgi/trace (Caused by ConnectTimeoutError(<urllib3.connection.HTTPSConnection object at 0x00000255204D9450>, 'Connection to 208.67.222.222 timed out. (connect timeout=2)'))
2026-03-02 04:27:19,606 - ERROR - IP 208.67.222.222 无法获取地理位置信息
2026-03-02 04:27:21,540 - WARNING - Retrying (Retry(total=2, connect=None, read=None, redirect=None, status=None)) after connection broken by 'ConnectTimeoutError(<urllib3.connection.HTTPSConnection object at 0x00000255204D96D0>, 'Connection to 1.1.1.1 timed out. (connect timeout=2)')': /cdn-cgi/trace
2026-03-02 04:27:23,547 - WARNING - Retrying (Retry(total=1, connect=None, read=None, redirect=None, status=None)) after connection broken by 'ConnectTimeoutError(<urllib3.connection.HTTPSConnection object at 0x00000255204D9A90>, 'Connection to 1.1.1.1 timed out. (connect timeout=2)')': /cdn-cgi/trace
2026-03-02 04:27:25,560 - WARNING - Retrying (Retry(total=0, connect=None, read=None, redirect=None, status=None)) after connection broken by 'ConnectTimeoutError(<urllib3.connection.HTTPSConnection object at 0x00000255204D9BD0>, 'Connection to 1.1.1.1 timed out. (connect timeout=2)')': /cdn-cgi/trace
2026-03-02 04:27:27,564 - WARNING - IP 1.1.1.1 https连接错误: HTTPSConnectionPool(host='1.1.1.1', port=443): Max retries exceeded with url: /cdn-cgi/trace (Caused by ConnectTimeoutError(<urllib3.connection.HTTPSConnection object at 0x00000255204D9D10>, 'Connection to 1.1.1.1 timed out. (connect timeout=2)'))
2026-03-02 04:27:29,653 - WARNING - Retrying (Retry(total=2, connect=None, read=None, redirect=None, status=None)) after connection broken by 'ConnectTimeoutError(<urllib3.connection.HTTPSConnection object at 0x00000255204D9E50>, 'Connection to 1.1.1.1 timed out. (connect timeout=2)')': /cdn-cgi/trace
2026-03-02 04:27:31,665 - WARNING - Retrying (Retry(total=1, connect=None, read=None, redirect=None, status=None)) after connection broken by 'ConnectTimeoutError(<urllib3.connection.HTTPSConnection object at 0x00000255204DA0D0>, 'Connection to 1.1.1.1 timed out. (connect timeout=2)')': /cdn-cgi/trace
2026-03-02 04:27:33,680 - WARNING - Retrying (Retry(total=0, connect=None, read=None, redirect=None, status=None)) after connection broken by 'ConnectTimeoutError(<urllib3.connection.HTTPSConnection object at 0x00000255204DA210>, 'Connection to 1.1.1.1 timed out. (connect timeout=2)')': /cdn-cgi/trace
2026-03-02 04:27:35,689 - WARNING - IP 1.1.1.1 http连接错误: HTTPSConnectionPool(host='1.1.1.1', port=443): Max retries exceeded with url: /cdn-cgi/trace (Caused by ConnectTimeoutError(<urllib3.connection.HTTPSConnection object at 0x00000255204DA350>, 'Connection to 1.1.1.1 timed out. (connect timeout=2)'))
2026-03-02 04:27:37,691 - WARNING - Retrying (Retry(total=2, connect=None, read=None, redirect=None, status=None)) after connection broken by 'ConnectTimeoutError(<urllib3.connection.HTTPSConnection object at 0x00000255204DA5D0>, 'Connection to 1.1.1.1 timed out. (connect timeout=2)')': /cdn-cgi/trace
2026-03-02 04:27:39,691 - WARNING - Retrying (Retry(total=1, connect=None, read=None, redirect=None, status=None)) after connection broken by 'ConnectTimeoutError(<urllib3.connection.HTTPSConnection object at 0x00000255204DA850>, 'Connection to 1.1.1.1 timed out. (connect timeout=2)')': /cdn-cgi/trace
2026-03-02 04:27:41,695 - WARNING - Retrying (Retry(total=0, connect=None, read=None, redirect=None, status=None)) after connection broken by 'ConnectTimeoutError(<urllib3.connection.HTTPSConnection object at 0x00000255204DA990>, 'Connection to 1.1.1.1 timed out. (connect timeout=2)')': /cdn-cgi/trace
2026-03-02 04:27:43,707 - WARNING - IP 1.1.1.1 https连接错误: HTTPSConnectionPool(host='1.1.1.1', port=443): Max retries exceeded with url: /cdn-cgi/trace (Caused by ConnectTimeoutError(<urllib3.connection.HTTPSConnection object at 0x00000255204DAAD0>, 'Connection to 1.1.1.1 timed out. (connect timeout=2)'))
2026-03-02 04:27:43,707 - ERROR - IP 1.1.1.1 无法获取地理位置信息
2026-03-02 04:27:43,709 - INFO - 已保存 GB-LHR 分类结果到 ./GB-LHR\test-ip.txt，共 1 个IP
2026-03-02 04:27:43,710 - INFO - 已保存 US-LAX 分类结果到 ./US-LAX\test-ip.txt，共 2 个IP
2026-03-02 04:27:43,710 - INFO - 文件 test-ip.txt 处理完成：成功 3 个，失败 3 个
2026-03-02 04:27:43,710 - WARNING - 文件 cmcc-ip.txt 不存在，跳过处理
2026-03-02 04:27:43,711 - WARNING - 文件 cucc-ip.txt 不存在，跳过处理
2026-03-02 04:27:43,711 - WARNING - 文件 ctcc-ip.txt 不存在，跳过处理
2026-03-02 04:27:43,711 - WARNING - 文件 bestcf-ip.txt 不存在，跳过处理
2026-03-02 04:27:43,711 - INFO - 汇总文件保存成功，共 3 个IP
2026-03-02 04:27:43,711 - INFO - 开始按colo优化IP...
2026-03-02 04:27:43,718 - INFO - 读取到 3 个IP进行优化
2026-03-02 04:27:43,718 - INFO - 按colo分组完成，共 0 个分组
2026-03-02 04:27:43,719 - ERROR - 没有IP被优化
2026-03-02 04:27:43,719 - INFO - IP筛选和优化完成，耗时: 48.57秒
